PS C:\Users\saiga> cd .\Documents\
PS C:\Users\saiga\Documents>  git clone -b solution --single-branch https://github.com/webrtc/FirebaseRTC
Cloning into 'FirebaseRTC'...
remote: Enumerating objects: 25, done.
Receiving objects: 100% (25/25), 9.58 KiB | 2.39 MiB/s, done.

Resolving deltas: 100% (6/6), done.
PS C:\Users\saiga\Documents> cd .\FirebaseRTC\
PS C:\Users\saiga\Documents\FirebaseRTC> npm install firebase-tools -g
npm WARN deprecated debug@4.1.0: Debug versions >=3.2.0 <3.2.7 || >=4 <4.3.1 have a low-severity ReDos regression when used in a Node.js environment. It is recommended you upgrade to 3.2.7 or 4.3.1. (https://github.com/visionmedia/debug/issues/797)
npm WARN deprecated har-validator@5.1.3: this library is no longer supported
npm WARN deprecated uuid@3.4.0: Please upgrade  to version 7 or higher.  Older versions may use Math.random() in certain circumstances, which is known to be problematic.  See https://v8.dev/blog/math-random for details.
npm WARN deprecated debug@4.1.1: Debug versions >=3.2.0 <3.2.7 || >=4 <4.3.1 have a low-severity ReDos regression when used in a Node.js environment. It is recommended you upgrade to 3.2.7 or 4.3.1. (https://github.com/visionmedia/debug/issues/797)
npm WARN deprecated request@2.88.2: request has been deprecated, see https://github.com/request/request/issues/3142

added 695 packages, and audited 696 packages in 44s

35 packages are looking for funding
  run `npm fund` for details

10 vulnerabilities (8 moderate, 2 high)

To address all issues, run:
  npm audit fix

Run `npm audit` for details.
npm notice
npm notice New minor version of npm available! 8.3.1 -> 8.5.4
npm notice Changelog: https://github.com/npm/cli/releases/tag/v8.5.4
npm notice Run npm install -g npm@8.5.4 to update!
npm notice
PS C:\Users\saiga\Documents\FirebaseRTC> firebase --version
10.2.2
PS C:\Users\saiga\Documents\FirebaseRTC> firebase login
i  Firebase optionally collects CLI usage and error reporting information to help improve our products. Data is collected in accordance with Google's privacy policy (https://policies.google.com/privacy) and is not used to identify you.

? Allow Firebase to collect CLI usage and error reporting information? Yes
i  To change your data collection preference at any time, run `firebase logout` and log in again.

Visit this URL on this device to log in:
https://accounts.google.com/o/oauth2/auth?client_id=563584335869-fgrhgmd47bqnekij5i8b5pr03ho849e6.apps.googleusercontent.com&scope=email%20openid%20https%3A%2F%2Fwww.googleapis.com%2Fauth%2Fcloudplatformprojects.readonly%20https%3A%2F%2Fwww.googleapis.com%2Fauth%2Ffirebase%20https%3A%2F%2Fwww.googleapis.com%2Fauth%2Fcloud-platform&response_type=code&state=686232185&redirect_uri=http%3A%2F%2Flocalhost%3A9005

Waiting for authentication...

+  Success! Logged in as saiganeshjangala01@gmail.com
PS C:\Users\saiga\Documents\FirebaseRTC> firebase use --add
? Which project do you want to add? video-conference-applica-5b8d6
? What alias do you want to use for this project? (e.g. staging) default

Created alias default for video-conference-applica-5b8d6.
Now using alias default (video-conference-applica-5b8d6)
PS C:\Users\saiga\Documents\FirebaseRTC> firebase deploy

=== Deploying to 'video-conference-applica-5b8d6'...

i  deploying database, hosting
i  database: checking rules syntax...
+  database: rules syntax for database video-conference-applica-5b8d6-default-rtdb is valid
i  hosting[video-conference-applica-5b8d6]: beginning deploy...
i  hosting[video-conference-applica-5b8d6]: found 3 files in public
+  hosting[video-conference-applica-5b8d6]: file upload complete
i  database: releasing rules...
+  database: rules for database video-conference-applica-5b8d6-default-rtdb released successfully
i  hosting[video-conference-applica-5b8d6]: finalizing version...
+  hosting[video-conference-applica-5b8d6]: version finalized
i  hosting[video-conference-applica-5b8d6]: releasing new version...
+  hosting[video-conference-applica-5b8d6]: release complete

+  Deploy complete!

Project Console: https://console.firebase.google.com/project/video-conference-applica-5b8d6/overview
Hosting URL: https://video-conference-applica-5b8d6.web.app
PS C:\Users\saiga\Documents\FirebaseRTC>
